// Jest Snapshot v1, https://goo.gl/fbAQLP

exports[`renders correctly 1`] = `
<div
  className="quotes_container"
  data-testid="quote"
>
  <p>
    " Mathematics is not about numbers, equations, computations, or algorithms: it is about understanding. -William Paul Thurston"
  </p>
</div>
`;
